2026-05-04 16:06:01, MOVE, v:1, k:ed@lista_d1, mode:DOWN
2026-05-04 16:06:03, MOVE, v:1, k:ed@lista_d1, mode:PICK
2026-05-04 16:06:01, MOVE, v:1, k:ed@lista_d1, mode:EDIT
2026-05-04 16:06:01, MOVE, v:1, k:ed@lista_d1, mode:EDIT
2026-05-04 16:06:01, MOVE, v:1, k:ed@lista_d1, mode:EDIT
2026-05-04 16:06:01, MOVE, v:1, k:ed@lista_d1, mode:EDIT
2026-05-04 16:07:59, MOVE, v:1, k:ed@lista_d1, mode:BACK
2026-05-04 16:10:14, MOVE, v:1, k:ed@lista_d1, mode:PICK
2026-05-04 16:13:10, MOVE, v:1, k:ed@lista_d1, mode:EDIT
2026-05-04 16:18:28, MOVE, v:1, k:ed@lista_d1, mode:EDIT
2026-05-04 16:23:46, MOVE, v:1, k:ed@lista_d1, mode:EDIT
2026-05-04 16:28:46, MOVE, v:1, k:ed@lista_d1, mode:EDIT
2026-05-04 16:29:31, MOVE, v:1, k:ed@lista_d1, mode:EDIT
2026-05-04 16:35:18, MOVE, v:1, k:ed@lista_d1, mode:EDIT
2026-05-04 16:43:47, MOVE, v:1, k:ed@lista_d1, mode:EDIT
2026-05-04 16:50:07, MOVE, v:1, k:ed@lista_d1, mode:EDIT
2026-05-04 16:54:51, MOVE, v:1, k:ed@lista_d1, mode:EDIT
2026-05-04 20:12:17, MOVE, v:1, k:ed@lista_d1, mode:EDIT
2026-05-04 20:16:45, MOVE, v:1, k:ed@lista_d1, mode:EDIT
2026-05-04 20:29:36, MOVE, v:1, k:ed@lista_d1, mode:EDIT
2026-05-04 20:31:15, MOVE, v:1, k:ed@lista_d1, mode:EDIT
2026-05-04 20:43:01, MOVE, v:1, k:ed@lista_d1, mode:EDIT
2026-05-04 20:46:42, MOVE, v:1, k:ed@lista_d1, mode:EDIT
2026-05-04 20:54:16, MOVE, v:1, k:ed@lista_d1, mode:EDIT
2026-05-04 21:07:20, MOVE, v:1, k:ed@lista_d1, mode:EDIT
2026-05-04 21:12:33, EXEC, v:1, k:ed@lista_d1, mode:FULL, rate:0, size:105
2026-05-04 21:11:50, MOVE, v:1, k:ed@lista_d1, mode:EDIT
2026-05-04 21:18:30, MOVE, v:1, k:ed@lista_d1, mode:EDIT
2026-05-04 21:22:18, EXEC, v:1, k:ed@lista_d1, mode:FULL, rate:0, size:117
2026-05-04 21:22:21, MOVE, v:1, k:ed@lista_d1, mode:BACK
2026-05-04 21:22:27, MOVE, v:1, k:ed@lista_d1, mode:PICK
2026-05-04 21:22:27, EXEC, v:1, k:ed@lista_d1, mode:FULL, rate:0
2026-05-04 21:22:11, MOVE, v:1, k:ed@lista_d1, mode:EDIT
2026-05-04 21:22:53, EXEC, v:1, k:ed@lista_d1, mode:FULL, rate:14, size:117
2026-05-04 21:28:21, EXEC, v:1, k:ed@lista_d1, mode:FULL, rate:14
2026-05-04 21:25:52, MOVE, v:1, k:ed@lista_d1, mode:BACK
2026-05-04 21:25:55, MOVE, v:1, k:ed@lista_d1, mode:PICK
2026-05-04 21:25:57, EXEC, v:1, k:ed@lista_d1, mode:FULL, rate:14
2026-05-04 21:26:50, MOVE, v:1, k:ed@lista_d1, mode:EDIT
2026-05-04 21:29:34, EXEC, v:1, k:ed@lista_d1, mode:FULL, rate:14, size:118
2026-05-04 21:33:37, EXEC, v:1, k:ed@lista_d1, mode:FULL, rate:0, size:120
2026-05-04 21:33:49, EXEC, v:1, k:ed@lista_d1, mode:FULL, rate:14, size:120
2026-05-04 21:33:47, MOVE, v:1, k:ed@lista_d1, mode:EDIT
2026-05-04 21:37:25, EXEC, v:1, k:ed@lista_d1, mode:FULL, rate:14, size:124
2026-05-04 21:38:40, EXEC, v:1, k:ed@lista_d1, mode:FULL, rate:14, size:124
2026-05-04 21:38:37, MOVE, v:1, k:ed@lista_d1, mode:EDIT
2026-05-04 21:41:01, EXEC, v:1, k:ed@lista_d1, mode:FULL, rate:14, size:124
2026-05-04 21:41:39, EXEC, v:1, k:ed@lista_d1, mode:FULL, rate:14, size:124
2026-05-04 21:41:56, EXEC, v:1, k:ed@lista_d1, mode:FULL, rate:14, size:124
2026-05-04 21:43:30, MOVE, v:1, k:ed@lista_d1, mode:EDIT
2026-05-04 21:46:54, EXEC, v:1, k:ed@lista_d1, mode:FULL, rate:14, size:127
2026-05-04 21:47:29, EXEC, v:1, k:ed@lista_d1, mode:FULL, rate:14, size:128
2026-05-04 21:47:58, EXEC, v:1, k:ed@lista_d1, mode:FULL, rate:14, size:128
2026-05-04 21:49:23, EXEC, v:1, k:ed@lista_d1, mode:FULL, rate:42, size:130
2026-05-04 21:49:20, MOVE, v:1, k:ed@lista_d1, mode:EDIT
2026-05-04 21:50:05, MOVE, v:1, k:ed@lista_d1, mode:BACK
2026-05-04 21:55:02, MOVE, v:1, k:ed@lista_d1, mode:EDIT
2026-05-04 22:00:02, MOVE, v:1, k:ed@lista_d1, mode:PICK
2026-05-04 22:00:03, EXEC, v:1, k:ed@lista_d1, mode:FULL, rate:57, size:138
2026-05-04 22:00:58, EXEC, v:1, k:ed@lista_d1, mode:FULL, rate:57, size:142
2026-05-04 22:01:51, EXEC, v:1, k:ed@lista_d1, mode:FULL, rate:71, size:142
2026-05-04 22:01:57, MOVE, v:1, k:ed@lista_d1, mode:BACK
2026-05-04 22:02:03, MOVE, v:1, k:ed@lista_d1, mode:PICK
2026-05-04 22:02:04, EXEC, v:1, k:ed@lista_d1, mode:FULL, rate:71
2026-05-04 22:02:22, MOVE, v:1, k:ed@lista_d1, mode:EDIT
2026-05-04 22:05:02, MOVE, v:1, k:ed@lista_d1, mode:EDIT
2026-05-04 22:07:05, EXEC, v:1, k:ed@lista_d1, mode:FULL, rate:71, size:153
2026-05-04 22:08:33, EXEC, v:1, k:ed@lista_d1, mode:FULL, rate:85, size:152
2026-05-04 22:12:30, MOVE, v:1, k:ed@lista_d1, mode:EDIT
2026-05-04 22:11:48, EXEC, v:1, k:ed@lista_d1, mode:FULL, rate:85, size:163
2026-05-04 22:13:16, EXEC, v:1, k:ed@lista_d1, mode:FULL, rate:85, size:167
2026-05-04 22:14:04, EXEC, v:1, k:ed@lista_d1, mode:FULL, rate:85, size:167
2026-05-04 22:14:44, EXEC, v:1, k:ed@lista_d1, mode:FULL, rate:85, size:163
2026-05-04 22:15:09, MOVE, v:1, k:ed@lista_d1, mode:EDIT
2026-05-04 22:27:53, EXEC, v:1, k:ed@lista_d1, mode:FULL, rate:100, size:156
2026-05-04 22:27:55, MOVE, v:1, k:ed@lista_d1, mode:BACK
2026-05-04 22:29:08, SELF, v:1, k:ed@lista_d1, self:1, rate:100, study:150
2026-05-04 22:27:50, MOVE, v:1, k:ed@lista_d1, mode:EDIT
