2026-06-01 09:57:52, MOVE, v:1, k:ed@labirinto, mode:DOWN
2026-06-01 09:57:54, MOVE, v:1, k:ed@labirinto, mode:PICK
2026-06-01 09:57:52, MOVE, v:1, k:ed@labirinto, mode:EDIT
2026-06-01 09:57:52, MOVE, v:1, k:ed@labirinto, mode:EDIT
2026-06-01 09:57:52, MOVE, v:1, k:ed@labirinto, mode:EDIT
2026-06-01 10:09:56, MOVE, v:1, k:ed@labirinto, mode:EDIT
2026-06-01 10:14:44, MOVE, v:1, k:ed@labirinto, mode:EDIT
2026-06-01 10:16:44, EXEC, v:1, k:ed@labirinto, mode:FULL, rate:0, size:83
2026-06-01 10:20:01, MOVE, v:1, k:ed@labirinto, mode:EDIT
2026-06-01 10:21:15, EXEC, v:1, k:ed@labirinto, mode:FULL, rate:0, size:90
2026-06-01 10:25:18, EXEC, v:1, k:ed@labirinto, mode:FULL, rate:0, size:91
2026-06-01 10:22:35, EXEC, v:1, k:ed@labirinto, mode:FULL, rate:0, size:91
2026-06-01 10:23:45, EXEC, v:1, k:ed@labirinto, mode:FULL, rate:0, size:91
2026-06-01 10:27:22, EXEC, v:1, k:ed@labirinto, mode:FULL, rate:0, size:91
2026-06-01 10:24:30, EXEC, v:1, k:ed@labirinto, mode:FULL, rate:0, size:91
2026-06-01 10:25:35, EXEC, v:1, k:ed@labirinto, mode:FULL, rate:0, size:91
2026-06-01 10:25:37, MOVE, v:1, k:ed@labirinto, mode:BACK
2026-06-01 10:25:33, MOVE, v:1, k:ed@labirinto, mode:EDIT
2026-06-01 11:25:10, MOVE, v:1, k:ed@labirinto, mode:PICK
2026-06-01 11:25:11, EXEC, v:1, k:ed@labirinto, mode:FULL, rate:0
2026-06-01 11:25:14, MOVE, v:1, k:ed@labirinto, mode:BACK
2026-06-01 11:25:18, MOVE, v:1, k:ed@labirinto, mode:PICK
2026-06-01 11:25:19, EXEC, v:1, k:ed@labirinto, mode:FULL, rate:0
2026-06-01 11:28:51, EXEC, v:1, k:ed@labirinto, mode:FULL, rate:0, size:91
2026-06-01 11:25:42, EXEC, v:1, k:ed@labirinto, mode:FULL, rate:0, size:91
2026-06-01 11:26:55, EXEC, v:1, k:ed@labirinto, mode:FULL, rate:0, size:91
2026-06-01 11:31:11, EXEC, v:1, k:ed@labirinto, mode:FULL, rate:100, size:92
2026-06-01 11:27:55, MOVE, v:1, k:ed@labirinto, mode:BACK
2026-06-01 11:27:59, MOVE, v:1, k:ed@labirinto, mode:PICK
2026-06-01 11:27:59, EXEC, v:1, k:ed@labirinto, mode:FULL, rate:100
2026-06-01 11:28:00, MOVE, v:1, k:ed@labirinto, mode:BACK
2026-06-01 11:27:52, MOVE, v:1, k:ed@labirinto, mode:EDIT
2026-06-01 11:31:35, SELF, v:1, k:ed@labirinto, self:1, rate:100, study:70, concept:1, refactor:1
2026-06-01 11:33:01, MOVE, v:1, k:ed@diagonal, mode:DOWN
2026-06-01 11:33:02, MOVE, v:1, k:ed@diagonal, mode:PICK
2026-06-01 11:33:01, MOVE, v:1, k:ed@diagonal, mode:EDIT
2026-06-01 11:33:01, MOVE, v:1, k:ed@diagonal, mode:EDIT
2026-06-01 11:33:01, MOVE, v:1, k:ed@diagonal, mode:EDIT
2026-06-01 11:39:01, MOVE, v:1, k:ed@diagonal, mode:EDIT
2026-06-01 11:43:58, EXEC, v:1, k:ed@diagonal, mode:FULL, rate:0, size:29
2026-06-01 11:40:34, MOVE, v:1, k:ed@diagonal, mode:EDIT
2026-06-01 11:41:03, EXEC, v:1, k:ed@diagonal, mode:FULL, rate:0, size:30
2026-06-01 11:41:18, EXEC, v:1, k:ed@diagonal, mode:FULL, rate:0, size:30
2026-06-01 11:41:54, EXEC, v:1, k:ed@diagonal, mode:FULL, rate:0, size:30
2026-06-01 11:42:19, EXEC, v:1, k:ed@diagonal, mode:FULL, rate:0, size:30
2026-06-01 11:42:32, EXEC, v:1, k:ed@diagonal, mode:FULL, rate:0, size:30
2026-06-01 11:42:43, EXEC, v:1, k:ed@diagonal, mode:FULL, rate:0, size:30
2026-06-01 11:43:05, EXEC, v:1, k:ed@diagonal, mode:FULL, rate:0, size:29
2026-06-01 11:43:21, EXEC, v:1, k:ed@diagonal, mode:FULL, rate:0, size:29
2026-06-01 11:44:05, EXEC, v:1, k:ed@diagonal, mode:FULL, rate:0, size:29
2026-06-01 11:44:37, EXEC, v:1, k:ed@diagonal, mode:FULL, rate:0, size:29
2026-06-01 11:48:04, EXEC, v:1, k:ed@diagonal, mode:FULL, rate:0, size:29
2026-06-01 11:45:58, EXEC, v:1, k:ed@diagonal, mode:FULL, rate:0, size:29
2026-06-01 11:46:12, EXEC, v:1, k:ed@diagonal, mode:FULL, rate:0, size:29
2026-06-01 11:46:29, EXEC, v:1, k:ed@diagonal, mode:FULL, rate:0, size:29
2026-06-01 11:47:04, EXEC, v:1, k:ed@diagonal, mode:FULL, rate:0, size:29
2026-06-01 11:47:00, MOVE, v:1, k:ed@diagonal, mode:EDIT
2026-06-01 11:47:17, EXEC, v:1, k:ed@diagonal, mode:FULL, rate:0, size:29
2026-06-01 11:50:53, EXEC, v:1, k:ed@diagonal, mode:FULL, rate:0, size:30
2026-06-01 11:52:43, EXEC, v:1, k:ed@diagonal, mode:FULL, rate:0, size:29
2026-06-01 11:50:30, EXEC, v:1, k:ed@diagonal, mode:FULL, rate:0, size:29
2026-06-01 11:52:06, EXEC, v:1, k:ed@diagonal, mode:FULL, rate:0, size:30
2026-06-01 11:52:18, EXEC, v:1, k:ed@diagonal, mode:FULL, rate:0, size:30
2026-06-01 11:52:45, EXEC, v:1, k:ed@diagonal, mode:FULL, rate:0, size:29
2026-06-01 11:54:37, EXEC, v:1, k:ed@diagonal, mode:FULL, rate:0, size:29
2026-06-01 11:54:45, MOVE, v:1, k:ed@diagonal, mode:EDIT
2026-06-01 11:58:12, EXEC, v:1, k:ed@diagonal, mode:FULL, rate:0, size:30
2026-06-01 11:55:19, EXEC, v:1, k:ed@diagonal, mode:FULL, rate:0, size:31
2026-06-01 11:55:36, EXEC, v:1, k:ed@diagonal, mode:FULL, rate:0, size:30
2026-06-01 11:56:22, EXEC, v:1, k:ed@diagonal, mode:FULL, rate:0, size:31
2026-06-01 11:56:30, EXEC, v:1, k:ed@diagonal, mode:FULL, rate:0, size:31
2026-06-01 12:00:00, EXEC, v:1, k:ed@diagonal, mode:FULL, rate:0, size:31
2026-06-01 12:00:07, EXEC, v:1, k:ed@diagonal, mode:FULL, rate:0, size:31
2026-06-01 11:56:59, EXEC, v:1, k:ed@diagonal, mode:FULL, rate:0, size:31
2026-06-01 11:57:10, EXEC, v:1, k:ed@diagonal, mode:FULL, rate:0, size:31
2026-06-01 11:57:28, EXEC, v:1, k:ed@diagonal, mode:FULL, rate:0, size:31
2026-06-01 11:57:42, EXEC, v:1, k:ed@diagonal, mode:FULL, rate:0, size:31
2026-06-01 11:57:55, EXEC, v:1, k:ed@diagonal, mode:FULL, rate:0, size:31
2026-06-01 11:58:18, EXEC, v:1, k:ed@diagonal, mode:FULL, rate:0, size:32
2026-06-01 11:59:39, MOVE, v:1, k:ed@diagonal, mode:EDIT
2026-06-01 12:03:05, EXEC, v:1, k:ed@diagonal, mode:FULL, rate:0, size:32
2026-06-01 12:00:27, EXEC, v:1, k:ed@diagonal, mode:FULL, rate:100, size:32
2026-06-01 12:00:33, MOVE, v:1, k:ed@diagonal, mode:BACK
2026-06-01 12:04:03, SELF, v:1, k:ed@diagonal, self:1, rate:100, study:70, refactor:1
2026-06-01 12:02:29, MOVE, v:1, k:ed@diagonal, mode:PICK
2026-06-01 12:02:30, EXEC, v:1, k:ed@diagonal, mode:FULL, rate:100
2026-06-01 12:02:32, MOVE, v:1, k:ed@diagonal, mode:BACK
