2026-07-04 17:52:52, MOVE, v:1, k:ed@fila_enc, mode:EDIT
2026-07-04 17:54:53, EXEC, v:1, k:ed@fila_enc, mode:FULL, size:118, fail:COMP
2026-07-04 18:01:06, EXEC, v:1, k:ed@fila_enc, mode:FULL, size:128, fail:COMP
2026-07-04 17:57:19, EXEC, v:1, k:ed@fila_enc, mode:FULL, size:128, fail:COMP
2026-07-04 17:57:57, MOVE, v:1, k:ed@fila_enc, mode:EDIT
2026-07-04 17:58:31, EXEC, v:1, k:ed@fila_enc, mode:FULL, size:126, fail:COMP
2026-07-04 17:58:49, EXEC, v:1, k:ed@fila_enc, mode:FULL, rate:100, size:127
2026-07-04 17:58:51, MOVE, v:1, k:ed@fila_enc, mode:BACK
2026-07-04 17:59:06, SELF, v:1, k:ed@fila_enc, self:1, rate:100, study:60, concept:1, refactor:1
2026-07-04 17:59:32, MOVE, v:1, k:ed@pilha, mode:DOWN
2026-07-04 17:59:33, MOVE, v:1, k:ed@pilha, mode:PICK
2026-07-04 17:58:47, MOVE, v:1, k:ed@fila_enc, mode:EDIT
2026-07-04 17:59:32, MOVE, v:1, k:ed@pilha, mode:EDIT
2026-07-04 17:59:32, MOVE, v:1, k:ed@pilha, mode:EDIT
2026-07-04 18:16:08, MOVE, v:1, k:ed@pilha, mode:EDIT
2026-07-04 18:21:32, EXEC, v:1, k:ed@pilha, mode:FULL, size:94, fail:COMP
2026-07-04 18:17:43, EXEC, v:1, k:ed@pilha, mode:FULL, size:96, fail:COMP
2026-07-04 18:18:10, EXEC, v:1, k:ed@pilha, mode:FULL, size:96, fail:COMP
2026-07-04 18:20:59, MOVE, v:1, k:ed@pilha, mode:EDIT
2026-07-04 18:24:34, EXEC, v:1, k:ed@pilha, mode:FULL, size:118, fail:COMP
2026-07-04 18:26:28, EXEC, v:1, k:ed@pilha, mode:FULL, size:118, fail:COMP
2026-07-04 18:26:26, MOVE, v:1, k:ed@pilha, mode:EDIT
2026-07-04 18:27:00, EXEC, v:1, k:ed@pilha, mode:FULL, rate:0, size:118
2026-07-04 18:27:39, EXEC, v:1, k:ed@pilha, mode:FULL, size:118, fail:COMP
2026-07-04 18:28:59, EXEC, v:1, k:ed@pilha, mode:FULL, rate:100, size:122
2026-07-04 18:29:09, MOVE, v:1, k:ed@pilha, mode:BACK
2026-07-04 18:29:19, SELF, v:1, k:ed@pilha, self:1, rate:100, study:60, concept:1, refactor:1
2026-07-04 18:29:38, MOVE, v:1, k:ed@chaves, mode:DOWN
2026-07-04 18:29:40, MOVE, v:1, k:ed@chaves, mode:PICK
2026-07-04 18:28:56, MOVE, v:1, k:ed@pilha, mode:EDIT
2026-07-04 18:29:38, MOVE, v:1, k:ed@chaves, mode:EDIT
2026-07-04 18:29:38, MOVE, v:1, k:ed@chaves, mode:EDIT
2026-07-04 18:29:38, MOVE, v:1, k:ed@chaves, mode:EDIT
2026-07-04 18:36:52, MOVE, v:1, k:ed@chaves, mode:EDIT
2026-07-04 18:43:27, MOVE, v:1, k:ed@chaves, mode:EDIT
2026-07-04 18:46:23, EXEC, v:1, k:ed@chaves, mode:FULL, rate:10, size:69
2026-07-04 18:47:52, MOVE, v:1, k:ed@chaves, mode:BACK
2026-07-04 18:48:07, MOVE, v:1, k:ed@chaves, mode:PICK
2026-07-04 18:48:08, EXEC, v:1, k:ed@chaves, mode:FULL, rate:10
2026-07-04 18:46:16, MOVE, v:1, k:ed@chaves, mode:EDIT
2026-07-04 18:51:04, EXEC, v:1, k:ed@chaves, mode:FULL, size:88, fail:COMP
2026-07-04 18:52:36, EXEC, v:1, k:ed@chaves, mode:FULL, rate:100, size:95
2026-07-04 18:52:39, MOVE, v:1, k:ed@chaves, mode:BACK
2026-07-04 18:57:31, MOVE, v:1, k:ed@chaves, mode:EDIT
2026-07-04 18:54:35, MOVE, v:1, k:ed@chaves, mode:PICK
2026-07-04 18:54:36, EXEC, v:1, k:ed@chaves, mode:FULL, rate:100, size:95
2026-07-04 18:54:37, MOVE, v:1, k:ed@chaves, mode:BACK
2026-07-04 18:54:46, SELF, v:1, k:ed@chaves, self:1, rate:100, study:60, concept:1, refactor:1
2026-07-04 19:02:26, MOVE, v:1, k:ed@queimando, mode:DOWN
