2026-07-06 09:03:42, MOVE, v:1, k:ed@pilhado, mode:DOWN
2026-07-06 09:03:43, MOVE, v:1, k:ed@pilhado, mode:PICK
2026-07-06 09:03:45, EXEC, v:1, k:ed@pilhado, mode:FULL, size:41, fail:COMP
2026-07-06 09:03:46, EXEC, v:1, k:ed@pilhado, mode:FULL, fail:COMP
2026-07-06 09:03:47, EXEC, v:1, k:ed@pilhado, mode:FULL, fail:COMP
2026-07-06 09:03:42, MOVE, v:1, k:ed@pilhado, mode:EDIT
2026-07-06 09:03:42, MOVE, v:1, k:ed@pilhado, mode:EDIT
2026-07-06 09:03:42, MOVE, v:1, k:ed@pilhado, mode:EDIT
2026-07-06 09:13:36, MOVE, v:1, k:ed@pilhado, mode:EDIT
2026-07-06 09:18:41, MOVE, v:1, k:ed@pilhado, mode:EDIT
2026-07-06 09:24:15, MOVE, v:1, k:ed@pilhado, mode:EDIT
2026-07-06 09:32:58, MOVE, v:1, k:ed@pilhado, mode:EDIT
2026-07-06 09:34:23, MOVE, v:1, k:ed@pilhado, mode:EDIT
2026-07-06 09:39:22, MOVE, v:1, k:ed@pilhado, mode:EDIT
2026-07-06 09:45:13, MOVE, v:1, k:ed@pilhado, mode:EDIT
2026-07-06 09:50:25, MOVE, v:1, k:ed@pilhado, mode:EDIT
2026-07-06 09:51:32, EXEC, v:1, k:ed@pilhado, mode:FULL, size:135, fail:COMP
2026-07-06 09:54:09, EXEC, v:1, k:ed@pilhado, mode:FULL, rate:0, size:136
2026-07-06 09:58:37, MOVE, v:1, k:ed@pilhado, mode:BACK
2026-07-06 09:58:51, MOVE, v:1, k:ed@pilhado, mode:PICK
2026-07-06 09:53:52, MOVE, v:1, k:ed@pilhado, mode:EDIT
2026-07-06 09:58:12, EXEC, v:1, k:ed@pilhado, mode:FULL, rate:0
2026-07-06 09:58:27, EXEC, v:1, k:ed@pilhado, mode:FULL, rate:0, size:136
2026-07-06 09:58:29, MOVE, v:1, k:ed@pilhado, mode:BACK
2026-07-06 09:58:32, MOVE, v:1, k:ed@pilhado, mode:PICK
2026-07-06 09:58:33, EXEC, v:1, k:ed@pilhado, mode:FULL, rate:0
2026-07-06 09:58:43, EXEC, v:1, k:ed@pilhado, mode:FULL, rate:0, size:136
2026-07-06 09:58:43, EXEC, v:1, k:ed@pilhado, mode:FULL, rate:0, size:136
2026-07-06 09:59:44, EXEC, v:1, k:ed@pilhado, mode:FULL, rate:0, size:136
2026-07-06 09:59:51, EXEC, v:1, k:ed@pilhado, mode:FULL, rate:0, size:136
2026-07-06 09:59:50, MOVE, v:1, k:ed@pilhado, mode:EDIT
2026-07-06 10:02:00, EXEC, v:1, k:ed@pilhado, mode:FULL, rate:0, size:144
2026-07-06 10:06:58, EXEC, v:1, k:ed@pilhado, mode:FULL, rate:100, size:140
2026-07-06 10:07:00, MOVE, v:1, k:ed@pilhado, mode:BACK
2026-07-06 10:06:56, MOVE, v:1, k:ed@pilhado, mode:EDIT
2026-07-06 10:15:03, SELF, v:1, k:ed@balanceada, self:1, study:60, concept:1, refactor:1
2026-07-06 10:15:12, MOVE, v:1, k:ed@pilhado, mode:PICK
2026-07-06 10:10:58, EXEC, v:1, k:ed@pilhado, mode:FULL, rate:100
2026-07-06 10:10:59, MOVE, v:1, k:ed@pilhado, mode:BACK
2026-07-06 10:11:08, SELF, v:1, k:ed@pilhado, self:1, rate:100, study:60, concept:1, refactor:1
2026-07-06 10:15:05, MOVE, v:1, k:ed@balanceada, mode:DOWN
2026-07-06 10:15:06, MOVE, v:1, k:ed@balanceada, mode:PICK
2026-07-06 10:15:08, EXEC, v:1, k:ed@balanceada, mode:FULL, rate:0, size:5
2026-07-06 10:15:10, EXEC, v:1, k:ed@balanceada, mode:FULL, rate:0
2026-07-06 10:15:05, MOVE, v:1, k:ed@balanceada, mode:EDIT
2026-07-06 10:15:05, MOVE, v:1, k:ed@balanceada, mode:EDIT
2026-07-06 10:29:17, MOVE, v:1, k:ed@balanceada, mode:EDIT
2026-07-06 10:38:01, MOVE, v:1, k:ed@balanceada, mode:EDIT
2026-07-06 10:43:04, MOVE, v:1, k:ed@balanceada, mode:EDIT
2026-07-06 10:43:39, EXEC, v:1, k:ed@balanceada, mode:FULL, size:69, fail:COMP
2026-07-06 10:44:17, EXEC, v:1, k:ed@balanceada, mode:FULL, size:69, fail:COMP
2026-07-06 10:45:37, EXEC, v:1, k:ed@balanceada, mode:FULL, size:69, fail:COMP
2026-07-06 10:45:59, EXEC, v:1, k:ed@balanceada, mode:FULL, rate:50, size:69
2026-07-06 10:46:09, MOVE, v:1, k:ed@balanceada, mode:BACK
2026-07-06 10:47:49, MOVE, v:1, k:ed@balanceada, mode:PICK
2026-07-06 10:47:50, EXEC, v:1, k:ed@balanceada, mode:FULL, rate:100, size:69
2026-07-06 10:47:52, MOVE, v:1, k:ed@balanceada, mode:BACK
2026-07-06 10:47:47, MOVE, v:1, k:ed@balanceada, mode:EDIT
2026-07-06 10:51:29, SELF, v:1, k:ed@balanceada, self:1, rate:100, study:60, concept:1, refactor:1
2026-07-06 10:55:26, MOVE, v:1, k:ed@subset_sum, mode:DOWN
2026-07-06 10:55:28, MOVE, v:1, k:ed@subset_sum, mode:PICK
2026-07-06 10:56:13, MOVE, v:1, k:ed@subset_sum, mode:BACK
2026-07-06 11:00:32, MOVE, v:1, k:ed@subset_sum, mode:PICK
2026-07-06 10:56:18, EXEC, v:1, k:ed@subset_sum, mode:FULL, rate:0, size:5
2026-07-06 10:55:26, MOVE, v:1, k:ed@subset_sum, mode:EDIT
2026-07-06 10:55:26, MOVE, v:1, k:ed@subset_sum, mode:EDIT
2026-07-06 11:11:42, MOVE, v:1, k:ed@subset_sum, mode:EDIT
2026-07-06 11:15:50, MOVE, v:1, k:ed@subset_sum, mode:EDIT
2026-07-06 11:19:45, EXEC, v:1, k:ed@subset_sum, mode:FULL, size:31, fail:COMP
2026-07-06 11:24:04, MOVE, v:1, k:ed@subset_sum, mode:BACK
2026-07-06 11:20:04, MOVE, v:1, k:ed@subset_sum, mode:PICK
2026-07-06 11:20:04, EXEC, v:1, k:ed@subset_sum, mode:FULL, size:31, fail:COMP
2026-07-06 11:20:06, MOVE, v:1, k:ed@subset_sum, mode:BACK
2026-07-06 11:20:08, MOVE, v:1, k:ed@subset_sum, mode:PICK
2026-07-06 11:20:09, EXEC, v:1, k:ed@subset_sum, mode:FULL, fail:COMP
2026-07-06 11:20:16, EXEC, v:1, k:ed@subset_sum, mode:FULL, size:31, fail:COMP
2026-07-06 11:20:15, MOVE, v:1, k:ed@subset_sum, mode:EDIT
2026-07-06 11:24:59, EXEC, v:1, k:ed@subset_sum, mode:FULL, size:44, fail:COMP
2026-07-06 11:25:01, MOVE, v:1, k:ed@subset_sum, mode:BACK
2026-07-06 11:25:03, MOVE, v:1, k:ed@subset_sum, mode:PICK
2026-07-06 11:25:59, EXEC, v:1, k:ed@subset_sum, mode:FULL, size:46, fail:COMP
2026-07-06 11:26:54, MOVE, v:1, k:ed@subset_sum, mode:EDIT
2026-07-06 11:27:08, EXEC, v:1, k:ed@subset_sum, mode:FULL, size:54, fail:COMP
2026-07-06 11:27:10, MOVE, v:1, k:ed@subset_sum, mode:BACK
2026-07-06 11:27:19, MOVE, v:1, k:ed@subset_sum, mode:PICK
2026-07-06 11:27:22, EXEC, v:1, k:ed@subset_sum, mode:FULL, fail:COMP
2026-07-06 11:27:23, MOVE, v:1, k:ed@subset_sum, mode:BACK
2026-07-06 11:29:27, MOVE, v:1, k:ed@subset_sum, mode:PICK
2026-07-06 11:29:28, EXEC, v:1, k:ed@subset_sum, mode:FULL, size:58, fail:COMP
2026-07-06 11:33:45, MOVE, v:1, k:ed@subset_sum, mode:BACK
2026-07-06 11:29:41, MOVE, v:1, k:ed@subset_sum, mode:PICK
2026-07-06 11:29:42, EXEC, v:1, k:ed@subset_sum, mode:FULL, fail:COMP
2026-07-06 11:29:44, MOVE, v:1, k:ed@subset_sum, mode:BACK
2026-07-06 11:29:51, MOVE, v:1, k:ed@subset_sum, mode:PICK
2026-07-06 11:29:52, EXEC, v:1, k:ed@subset_sum, mode:FULL, fail:COMP
2026-07-06 11:29:57, MOVE, v:1, k:ed@subset_sum, mode:EDIT
2026-07-06 11:52:24, EXEC, v:1, k:ed@subset_sum, mode:FULL, size:59, fail:COMP
2026-07-06 11:52:25, MOVE, v:1, k:ed@subset_sum, mode:BACK
2026-07-06 11:52:29, MOVE, v:1, k:ed@subset_sum, mode:PICK
2026-07-06 11:52:30, EXEC, v:1, k:ed@subset_sum, mode:FULL, fail:COMP
2026-07-06 11:53:21, EXEC, v:1, k:ed@subset_sum, mode:FULL, size:63, fail:COMP
2026-07-06 11:53:50, EXEC, v:1, k:ed@subset_sum, mode:FULL, size:63, fail:COMP
2026-07-06 11:54:49, EXEC, v:1, k:ed@subset_sum, mode:FULL, rate:0, size:63
2026-07-06 11:54:57, EXEC, v:1, k:ed@subset_sum, mode:FULL, rate:100, size:63
2026-07-06 11:55:02, MOVE, v:1, k:ed@subset_sum, mode:BACK
2026-07-06 11:59:27, SELF, v:1, k:ed@subset_sum, self:1, rate:100, study:60, concept:1, refactor:1
2026-07-06 11:56:08, MOVE, v:1, k:ed@distancia, mode:DOWN
2026-07-06 11:56:10, MOVE, v:1, k:ed@distancia, mode:PICK
2026-07-06 11:56:17, MOVE, v:1, k:ed@distancia, mode:BACK
2026-07-06 11:54:57, MOVE, v:1, k:ed@subset_sum, mode:EDIT
2026-07-06 11:56:08, MOVE, v:1, k:ed@distancia, mode:EDIT
2026-07-06 11:56:08, MOVE, v:1, k:ed@distancia, mode:EDIT
2026-07-06 11:56:33, MOVE, v:1, k:ed@distancia, mode:PICK
2026-07-06 11:56:36, EXEC, v:1, k:ed@distancia, mode:FULL, rate:0, size:5
2026-07-06 12:02:24, EXEC, v:1, k:ed@distancia, mode:FULL, rate:0
2026-07-06 12:02:24, MOVE, v:1, k:ed@distancia, mode:BACK
2026-07-06 12:04:35, MOVE, v:1, k:ed@distancia, mode:PICK
2026-07-06 12:04:35, EXEC, v:1, k:ed@distancia, mode:FULL, size:14, fail:COMP
2026-07-06 12:04:37, MOVE, v:1, k:ed@distancia, mode:BACK
2026-07-06 12:04:31, MOVE, v:1, k:ed@distancia, mode:EDIT
2026-07-06 12:07:06, MOVE, v:1, k:ed@distancia, mode:PICK
2026-07-06 12:07:06, EXEC, v:1, k:ed@distancia, mode:FULL, fail:COMP
2026-07-06 12:10:32, EXEC, v:1, k:ed@distancia, mode:FULL, size:22, fail:COMP
2026-07-06 12:11:06, EXEC, v:1, k:ed@distancia, mode:FULL, size:25, fail:COMP
2026-07-06 12:12:42, EXEC, v:1, k:ed@distancia, mode:FULL, size:35, fail:COMP
2026-07-06 12:13:13, MOVE, v:1, k:ed@distancia, mode:EDIT
2026-07-06 12:14:37, EXEC, v:1, k:ed@distancia, mode:FULL, size:45, fail:COMP
2026-07-06 12:15:05, EXEC, v:1, k:ed@distancia, mode:FULL, size:47, fail:COMP
2026-07-06 12:19:40, EXEC, v:1, k:ed@distancia, mode:FULL, size:48, fail:COMP
2026-07-06 12:15:42, EXEC, v:1, k:ed@distancia, mode:FULL, size:49, fail:COMP
2026-07-06 12:20:00, MOVE, v:1, k:ed@distancia, mode:BACK
2026-07-06 12:15:49, MOVE, v:1, k:ed@distancia, mode:PICK
2026-07-06 12:15:49, EXEC, v:1, k:ed@distancia, mode:FULL, fail:COMP
2026-07-06 12:15:50, EXEC, v:1, k:ed@distancia, mode:FULL, fail:COMP
2026-07-06 12:15:41, MOVE, v:1, k:ed@distancia, mode:EDIT
2026-07-06 12:29:29, EXEC, v:1, k:ed@distancia, mode:FULL, fail:COMP
2026-07-06 12:29:30, MOVE, v:1, k:ed@distancia, mode:BACK
2026-07-06 12:29:33, MOVE, v:1, k:ed@distancia, mode:PICK
2026-07-06 12:32:21, EXEC, v:1, k:ed@distancia, mode:FULL, size:58, fail:COMP
2026-07-06 12:32:21, MOVE, v:1, k:ed@distancia, mode:BACK
2026-07-06 12:32:26, MOVE, v:1, k:ed@distancia, mode:PICK
2026-07-06 12:33:46, EXEC, v:1, k:ed@distancia, mode:FULL, size:66, fail:COMP
2026-07-06 12:34:34, EXEC, v:1, k:ed@distancia, mode:FULL, size:69, fail:COMP
2026-07-06 12:38:47, MOVE, v:1, k:ed@distancia, mode:EDIT
2026-07-06 12:37:17, EXEC, v:1, k:ed@distancia, mode:FULL, rate:14, size:78
2026-07-06 12:37:38, MOVE, v:1, k:ed@distancia, mode:BACK
2026-07-06 12:37:41, MOVE, v:1, k:ed@distancia, mode:PICK
2026-07-06 12:37:42, EXEC, v:1, k:ed@distancia, mode:FULL, rate:14
2026-07-06 12:39:44, EXEC, v:1, k:ed@distancia, mode:FULL, rate:100, size:89
2026-07-06 12:39:58, MOVE, v:1, k:ed@distancia, mode:BACK
2026-07-06 12:40:00, MOVE, v:1, k:ed@distancia, mode:PICK
2026-07-06 12:40:01, EXEC, v:1, k:ed@distancia, mode:FULL, rate:100, size:89
2026-07-06 12:40:02, MOVE, v:1, k:ed@distancia, mode:BACK
2026-07-06 12:40:11, SELF, v:1, k:ed@distancia, self:1, rate:100, study:60, concept:1, refactor:1
