2026-05-18 11:08:28, MOVE, v:1, k:ed@lista_d2, mode:PICK
2026-05-18 11:12:56, MOVE, v:1, k:ed@lista_d2, mode:EDIT
2026-05-18 11:15:16, MOVE, v:1, k:ed@lista_d2, mode:EDIT
2026-05-18 11:19:49, MOVE, v:1, k:ed@lista_d2, mode:EDIT
2026-05-18 11:25:37, MOVE, v:1, k:ed@lista_d2, mode:EDIT
2026-05-18 11:25:44, EXEC, v:1, k:ed@lista_d2, mode:FULL, rate:0, size:142
2026-05-18 11:30:43, MOVE, v:1, k:ed@lista_d2, mode:EDIT
2026-05-18 11:35:16, EXEC, v:1, k:ed@lista_d2, mode:FULL, rate:0, size:159
2026-05-18 11:35:08, MOVE, v:1, k:ed@lista_d2, mode:EDIT
2026-05-18 11:39:03, EXEC, v:1, k:ed@lista_d2, mode:FULL, rate:0, size:159
2026-05-18 11:37:05, EXEC, v:1, k:ed@lista_d2, mode:FULL, rate:0, size:159
2026-05-18 11:38:48, EXEC, v:1, k:ed@lista_d2, mode:FULL, rate:0, size:159
2026-05-18 11:41:39, EXEC, v:1, k:ed@lista_d2, mode:FULL, rate:0, size:162
2026-05-18 11:42:53, EXEC, v:1, k:ed@lista_d2, mode:FULL, rate:0, size:163
2026-05-18 11:42:42, MOVE, v:1, k:ed@lista_d2, mode:EDIT
2026-05-18 11:45:34, EXEC, v:1, k:ed@lista_d2, mode:FULL, rate:0, size:163
2026-05-18 11:45:54, EXEC, v:1, k:ed@lista_d2, mode:FULL, rate:0, size:163
2026-05-18 11:45:52, MOVE, v:1, k:ed@lista_d2, mode:EDIT
2026-05-18 11:49:27, EXEC, v:1, k:ed@lista_d2, mode:FULL, rate:0, size:163
2026-05-18 11:49:44, EXEC, v:1, k:ed@lista_d2, mode:FULL, rate:0, size:163
2026-05-18 11:52:25, EXEC, v:1, k:ed@lista_d2, mode:FULL, rate:0, size:163
2026-05-18 11:52:43, EXEC, v:1, k:ed@lista_d2, mode:FULL, rate:20, size:163
2026-05-18 11:52:41, MOVE, v:1, k:ed@lista_d2, mode:EDIT
2026-05-18 12:02:04, MOVE, v:1, k:ed@lista_d2, mode:EDIT
2026-05-18 14:14:06, MOVE, v:1, k:ed@lista_d2, mode:BACK
2026-05-18 14:14:09, MOVE, v:1, k:ed@lista_d2, mode:PICK
2026-05-18 14:14:32, EXEC, v:1, k:ed@lista_d2, mode:FULL, size:168, fail:COMP
