2026-05-25 10:18:46, MOVE, v:1, k:ed@setbuild, mode:DOWN
2026-05-25 10:18:48, MOVE, v:1, k:ed@setbuild, mode:PICK
2026-05-25 10:20:05, MOVE, v:1, k:ed@setbuild, mode:BACK
2026-05-25 10:20:08, MOVE, v:1, k:ed@vetbuild, mode:PICK
2026-05-25 10:18:46, MOVE, v:1, k:ed@setbuild, mode:EDIT
2026-05-25 10:18:46, MOVE, v:1, k:ed@setbuild, mode:EDIT
2026-05-25 10:18:46, MOVE, v:1, k:ed@setbuild, mode:EDIT
2026-05-25 10:18:46, MOVE, v:1, k:ed@setbuild, mode:EDIT
2026-05-25 10:25:40, MOVE, v:1, k:ed@setbuild, mode:EDIT
2026-05-25 10:30:06, MOVE, v:1, k:ed@setbuild, mode:EDIT
2026-05-25 10:35:41, MOVE, v:1, k:ed@setbuild, mode:EDIT
2026-05-25 10:38:41, MOVE, v:1, k:ed@setbuild, mode:EDIT
2026-05-25 10:45:50, MOVE, v:1, k:ed@setbuild, mode:EDIT
2026-05-25 10:49:53, EXEC, v:1, k:ed@vetbuild, mode:FULL, rate:90
2026-05-25 10:50:04, MOVE, v:1, k:ed@vetbuild, mode:BACK
2026-05-25 10:50:05, MOVE, v:1, k:ed@setbuild, mode:PICK
2026-05-25 10:50:06, EXEC, v:1, k:ed@setbuild, mode:FULL, rate:0, size:82
2026-05-25 10:49:47, MOVE, v:1, k:ed@setbuild, mode:EDIT
2026-05-25 11:00:15, MOVE, v:1, k:ed@setbuild, mode:EDIT
2026-05-25 11:07:47, MOVE, v:1, k:ed@setbuild, mode:EDIT
2026-05-25 11:12:55, MOVE, v:1, k:ed@setbuild, mode:EDIT
2026-05-25 11:16:52, MOVE, v:1, k:ed@setbuild, mode:EDIT
2026-05-25 11:23:20, MOVE, v:1, k:ed@setbuild, mode:EDIT
2026-05-25 11:32:21, MOVE, v:1, k:ed@setbuild, mode:EDIT
2026-05-25 11:34:23, MOVE, v:1, k:ed@setbuild, mode:EDIT
2026-05-25 11:39:30, MOVE, v:1, k:ed@setbuild, mode:EDIT
2026-05-25 11:43:36, MOVE, v:1, k:ed@setbuild, mode:EDIT
2026-05-25 11:46:00, MOVE, v:1, k:ed@setbuild, mode:BACK
2026-05-25 11:46:05, MOVE, v:1, k:ed@setbuild, mode:PICK
2026-05-25 11:46:07, EXEC, v:1, k:ed@setbuild, mode:FULL, size:141, fail:COMP
2026-05-25 11:46:35, EXEC, v:1, k:ed@setbuild, mode:FULL, rate:0, size:141
2026-05-25 11:46:38, MOVE, v:1, k:ed@setbuild, mode:BACK
2026-05-25 11:46:45, MOVE, v:1, k:ed@setbuild, mode:PICK
2026-05-25 11:46:46, EXEC, v:1, k:ed@setbuild, mode:FULL, rate:0
2026-05-25 11:48:44, MOVE, v:1, k:ed@setbuild, mode:EDIT
2026-05-25 13:43:25, MOVE, v:1, k:ed@setbuild, mode:BACK
2026-05-25 13:47:28, MOVE, v:1, k:ed@setbuild, mode:PICK
2026-05-25 13:44:25, EXEC, v:1, k:ed@setbuild, mode:FULL, rate:0, size:144
2026-05-25 13:45:17, MOVE, v:1, k:ed@setbuild, mode:BACK
2026-05-25 13:45:39, MOVE, v:1, k:ed@setbuild, mode:PICK
2026-05-25 13:46:07, MOVE, v:1, k:ed@setbuild, mode:EDIT
2026-05-25 13:50:59, MOVE, v:1, k:ed@setbuild, mode:EDIT
2026-05-25 13:54:51, EXEC, v:1, k:ed@setbuild, mode:FULL, rate:0, size:161
2026-05-25 13:55:42, EXEC, v:1, k:ed@setbuild, mode:FULL, rate:0, size:161
2026-05-25 13:59:10, MOVE, v:1, k:ed@setbuild, mode:EDIT
2026-05-25 13:57:47, EXEC, v:1, k:ed@setbuild, mode:FULL, rate:0, size:156
2026-05-25 13:57:43, MOVE, v:1, k:ed@setbuild, mode:EDIT
2026-05-25 14:46:16, EXEC, v:1, k:ed@setbuild, mode:FULL, rate:0
2026-05-25 14:45:43, MOVE, v:1, k:ed@setbuild, mode:EDIT
2026-05-25 14:49:04, EXEC, v:1, k:ed@setbuild, mode:FULL, rate:0, size:156
2026-05-25 14:50:02, EXEC, v:1, k:ed@setbuild, mode:FULL, rate:0, size:156
2026-05-25 14:50:40, EXEC, v:1, k:ed@setbuild, mode:FULL, rate:0, size:156
2026-05-25 14:51:06, EXEC, v:1, k:ed@setbuild, mode:FULL, rate:0, size:156
2026-05-25 14:51:48, EXEC, v:1, k:ed@setbuild, mode:FULL, rate:0, size:156
2026-05-25 14:51:59, MOVE, v:1, k:ed@setbuild, mode:EDIT
2026-05-25 14:54:32, EXEC, v:1, k:ed@setbuild, mode:FULL, rate:0, size:156
2026-05-25 14:54:30, MOVE, v:1, k:ed@setbuild, mode:EDIT
2026-05-25 14:58:27, EXEC, v:1, k:ed@setbuild, mode:FULL, rate:0, size:156
2026-05-25 15:00:35, EXEC, v:1, k:ed@setbuild, mode:FULL, rate:0, size:156
2026-05-25 15:01:40, EXEC, v:1, k:ed@setbuild, mode:FULL, rate:0, size:156
2026-05-25 15:03:34, EXEC, v:1, k:ed@setbuild, mode:FULL, rate:0, size:156
2026-05-25 15:05:07, MOVE, v:1, k:ed@setbuild, mode:EDIT
2026-05-25 15:08:31, EXEC, v:1, k:ed@setbuild, mode:FULL, rate:0, size:155
2026-05-25 15:07:11, EXEC, v:1, k:ed@setbuild, mode:FULL, rate:0, size:155
2026-05-25 15:08:12, EXEC, v:1, k:ed@setbuild, mode:FULL, rate:0, size:155
2026-05-25 15:10:18, EXEC, v:1, k:ed@setbuild, mode:FULL, rate:0, size:155
2026-05-25 15:10:13, MOVE, v:1, k:ed@setbuild, mode:EDIT
2026-05-25 15:11:01, EXEC, v:1, k:ed@setbuild, mode:FULL, rate:0, size:155
2026-05-25 15:11:46, EXEC, v:1, k:ed@setbuild, mode:FULL, rate:0, size:155
2026-05-25 15:12:15, EXEC, v:1, k:ed@setbuild, mode:FULL, rate:0, size:155
2026-05-25 15:16:57, EXEC, v:1, k:ed@setbuild, mode:FULL, rate:0, size:156
2026-05-25 15:18:02, EXEC, v:1, k:ed@setbuild, mode:FULL, rate:0, size:156
2026-05-25 15:18:04, EXEC, v:1, k:ed@setbuild, mode:FREE
2026-05-25 15:18:14, EXEC, v:1, k:ed@setbuild, mode:LOCK, rate:0
2026-05-25 15:18:15, EXEC, v:1, k:ed@setbuild, mode:LOCK, rate:0
2026-05-25 15:18:15, EXEC, v:1, k:ed@setbuild, mode:LOCK, rate:0
2026-05-25 15:18:16, EXEC, v:1, k:ed@setbuild, mode:LOCK, rate:0
2026-05-25 15:18:24, EXEC, v:1, k:ed@setbuild, mode:LOCK, rate:0
2026-05-25 15:18:00, MOVE, v:1, k:ed@setbuild, mode:EDIT
2026-05-25 15:18:28, MOVE, v:1, k:ed@setbuild, mode:BACK
2026-05-25 15:18:30, MOVE, v:1, k:ed@setbuild, mode:PICK
2026-05-25 15:18:31, EXEC, v:1, k:ed@setbuild, mode:FULL, rate:0
2026-05-25 15:20:29, MOVE, v:1, k:ed@setbuild, mode:EDIT
2026-05-25 15:24:56, EXEC, v:1, k:ed@setbuild, mode:FULL, rate:0, size:160
2026-05-25 15:25:10, EXEC, v:1, k:ed@setbuild, mode:FULL, rate:0, size:160
2026-05-25 15:25:10, EXEC, v:1, k:ed@setbuild, mode:FULL, rate:0, size:160
2026-05-25 15:26:55, EXEC, v:1, k:ed@setbuild, mode:FULL, rate:0, size:161
2026-05-25 15:27:22, EXEC, v:1, k:ed@setbuild, mode:FULL, rate:0, size:162
2026-05-25 15:28:02, EXEC, v:1, k:ed@setbuild, mode:FULL, rate:0, size:161
2026-05-25 15:28:17, EXEC, v:1, k:ed@setbuild, mode:FULL, rate:0, size:161
2026-05-25 15:28:25, MOVE, v:1, k:ed@setbuild, mode:EDIT
2026-05-25 15:32:35, EXEC, v:1, k:ed@setbuild, mode:FULL, rate:0, size:163
2026-05-25 15:33:22, EXEC, v:1, k:ed@setbuild, mode:FULL, rate:33, size:164
2026-05-25 15:33:03, MOVE, v:1, k:ed@setbuild, mode:EDIT
2026-05-25 15:38:54, MOVE, v:1, k:ed@setbuild, mode:EDIT
2026-05-25 15:44:10, MOVE, v:1, k:ed@setbuild, mode:EDIT
2026-05-25 15:54:38, MOVE, v:1, k:ed@setbuild, mode:EDIT
2026-05-25 15:54:59, EXEC, v:1, k:ed@setbuild, mode:FULL, rate:33, size:193
2026-05-25 15:54:53, MOVE, v:1, k:ed@setbuild, mode:EDIT
2026-05-25 16:10:58, EXEC, v:1, k:ed@setbuild, mode:FULL, rate:66, size:200
2026-05-25 16:11:46, EXEC, v:1, k:ed@setbuild, mode:FULL, rate:66, size:200
2026-05-25 16:11:44, MOVE, v:1, k:ed@setbuild, mode:EDIT
2026-05-25 16:14:16, EXEC, v:1, k:ed@setbuild, mode:FULL, rate:66, size:200
2026-05-25 16:15:25, EXEC, v:1, k:ed@setbuild, mode:FULL, rate:66, size:205
2026-05-25 16:19:54, EXEC, v:1, k:ed@setbuild, mode:FULL, rate:33, size:208
2026-05-25 16:19:49, MOVE, v:1, k:ed@setbuild, mode:EDIT
2026-05-25 16:17:11, EXEC, v:1, k:ed@setbuild, mode:FULL, rate:66, size:205
2026-05-25 16:18:15, EXEC, v:1, k:ed@setbuild, mode:FULL, rate:66, size:205
2026-05-25 16:20:16, EXEC, v:1, k:ed@setbuild, mode:FULL, rate:66, size:206
2026-05-25 16:24:45, EXEC, v:1, k:ed@setbuild, mode:FULL, rate:66, size:208
2026-05-25 16:24:42, MOVE, v:1, k:ed@setbuild, mode:EDIT
2026-05-25 16:22:23, EXEC, v:1, k:ed@setbuild, mode:FULL, rate:66
2026-05-25 16:25:36, EXEC, v:1, k:ed@setbuild, mode:FULL, rate:66, size:209
2026-05-25 16:26:19, EXEC, v:1, k:ed@setbuild, mode:FULL, rate:66, size:209
2026-05-25 16:26:49, EXEC, v:1, k:ed@setbuild, mode:FULL, rate:66, size:209
2026-05-25 16:26:58, EXEC, v:1, k:ed@setbuild, mode:FULL, rate:66, size:209
2026-05-25 16:26:56, MOVE, v:1, k:ed@setbuild, mode:EDIT
2026-05-25 16:27:39, EXEC, v:1, k:ed@setbuild, mode:FULL, size:209, fail:COMP
2026-05-25 16:27:53, EXEC, v:1, k:ed@setbuild, mode:FULL, rate:66, size:209
2026-05-25 16:27:57, EXEC, v:1, k:ed@setbuild, mode:FULL, rate:66
2026-05-25 16:28:19, EXEC, v:1, k:ed@setbuild, mode:FULL, rate:66, size:209
2026-05-25 16:28:40, MOVE, v:1, k:ed@setbuild, mode:BACK
2026-05-25 16:28:45, MOVE, v:1, k:ed@lista_d2, mode:PICK
2026-05-25 16:31:29, EXEC, v:1, k:ed@lista_d2, mode:FULL, rate:100
2026-05-25 16:31:30, MOVE, v:1, k:ed@lista_d2, mode:BACK
2026-05-25 16:31:35, MOVE, v:1, k:ed@setbuild, mode:PICK
2026-05-25 16:31:35, EXEC, v:1, k:ed@setbuild, mode:FULL, rate:66, size:210
2026-05-25 16:31:25, MOVE, v:1, k:ed@setbuild, mode:EDIT
2026-05-25 16:32:39, EXEC, v:1, k:ed@setbuild, mode:FULL, rate:33, size:210
2026-05-25 16:32:52, EXEC, v:1, k:ed@setbuild, mode:FULL, rate:66, size:210
2026-05-25 16:34:49, EXEC, v:1, k:ed@setbuild, mode:FULL, rate:66, size:210
2026-05-25 16:35:24, EXEC, v:1, k:ed@setbuild, mode:FULL, rate:66, size:210
2026-05-25 16:37:39, EXEC, v:1, k:ed@setbuild, mode:FULL, size:211, fail:COMP
2026-05-25 16:37:51, EXEC, v:1, k:ed@setbuild, mode:FULL, rate:66, size:211
2026-05-25 16:37:48, MOVE, v:1, k:ed@setbuild, mode:EDIT
2026-05-25 16:38:31, EXEC, v:1, k:ed@setbuild, mode:FULL, rate:66, size:211
2026-05-25 16:39:44, EXEC, v:1, k:ed@setbuild, mode:FULL, rate:0, size:211
2026-05-25 16:39:53, EXEC, v:1, k:ed@setbuild, mode:FULL, rate:100, size:211
2026-05-25 16:40:50, EXEC, v:1, k:ed@setbuild, mode:FULL, rate:100
2026-05-25 16:41:01, MOVE, v:1, k:ed@setbuild, mode:BACK
2026-05-25 16:41:24, SELF, v:1, k:ed@setbuild, self:1, rate:100, study:240, concept:1, refactor:1
